// Jest Snapshot v1, https://goo.gl/fbAQLP

exports[`Enhanced component should render with form props 1`] = `
Object {
  "foo": "bar",
  "form": Object {
    "model": Immutable.Map {},
    "setField": [Function],
    "submit": [Function],
    "updateField": [Function],
    "validField": [Function],
  },
}
`;

exports[`Submit function receives appropriate args 1`] = `
Array [
  Object {
    "aProp": "bar",
  },
  Object {
    "aField": "baz",
  },
]
`;
